Archive member included because of file (symbol)

/home/phil/StellarisWare/driverlib/gcc/libdriver.a(gpio.o)
                              /tmp/cc9mOMCn.o (GPIOPadConfigSet)
/home/phil/StellarisWare/driverlib/gcc/libdriver.a(interrupt.o)
                              /home/phil/StellarisWare/driverlib/gcc/libdriver.a(gpio.o) (IntRegister)
/home/phil/StellarisWare/driverlib/gcc/libdriver.a(ssi.o)
                              /tmp/cc9mOMCn.o (SSIConfigSetExpClk)
/home/phil/StellarisWare/driverlib/gcc/libdriver.a(sysctl.o)
                              /tmp/ccSV0NUi.o (SysCtlPeripheralEnable)
/home/phil/StellarisWare/driverlib/gcc/libdriver.a(systick.o)
                              /tmp/ccSV0NUi.o (SysTickEnable)
/home/phil/StellarisWare/driverlib/gcc/libdriver.a(uart.o)
                              /tmp/ccSV0NUi.o (UARTConfigSetExpClk)
/home/phil/StellarisWare/driverlib/gcc/libdriver.a(cpu.o)
                              /home/phil/StellarisWare/driverlib/gcc/libdriver.a(interrupt.o) (CPUcpsid)
/home/phil/CodeSourcery ARM Toolkit/2010.Q1/Sourcery_G++_Lite/bin/../lib/gcc/arm-none-eabi/4.4.1/thumb2/libgcc.a(_arm_addsubdf3.o)
                              /tmp/ccSV0NUi.o (__aeabi_ui2d)
/home/phil/CodeSourcery ARM Toolkit/2010.Q1/Sourcery_G++_Lite/bin/../lib/gcc/arm-none-eabi/4.4.1/thumb2/libgcc.a(_arm_muldivdf3.o)
                              /tmp/ccSV0NUi.o (__aeabi_dmul)
/home/phil/CodeSourcery ARM Toolkit/2010.Q1/Sourcery_G++_Lite/bin/../lib/gcc/arm-none-eabi/4.4.1/thumb2/libgcc.a(_arm_fixunsdfsi.o)
                              /tmp/ccSV0NUi.o (__aeabi_d2uiz)
/home/phil/CodeSourcery ARM Toolkit/2010.Q1/Sourcery_G++_Lite/bin/../lib/gcc/arm-none-eabi/4.4.1/../../../../arm-none-eabi/lib/thumb2/libc.a(lib_a-errno.o)
                              /tmp/ccCv0k2k.o (__errno)
/home/phil/CodeSourcery ARM Toolkit/2010.Q1/Sourcery_G++_Lite/bin/../lib/gcc/arm-none-eabi/4.4.1/../../../../arm-none-eabi/lib/thumb2/libc.a(lib_a-exit.o)
                              /tmp/ccSV0NUi.o (exit)
/home/phil/CodeSourcery ARM Toolkit/2010.Q1/Sourcery_G++_Lite/bin/../lib/gcc/arm-none-eabi/4.4.1/../../../../arm-none-eabi/lib/thumb2/libc.a(lib_a-impure.o)
                              /home/phil/CodeSourcery ARM Toolkit/2010.Q1/Sourcery_G++_Lite/bin/../lib/gcc/arm-none-eabi/4.4.1/../../../../arm-none-eabi/lib/thumb2/libc.a(lib_a-errno.o) (_impure_ptr)
/home/phil/CodeSourcery ARM Toolkit/2010.Q1/Sourcery_G++_Lite/bin/../lib/gcc/arm-none-eabi/4.4.1/../../../../arm-none-eabi/lib/thumb2/libc.a(lib_a-iprintf.o)
                              /tmp/ccSV0NUi.o (iprintf)
/home/phil/CodeSourcery ARM Toolkit/2010.Q1/Sourcery_G++_Lite/bin/../lib/gcc/arm-none-eabi/4.4.1/../../../../arm-none-eabi/lib/thumb2/libc.a(lib_a-malloc.o)
                              /tmp/ccSV0NUi.o (malloc)
/home/phil/CodeSourcery ARM Toolkit/2010.Q1/Sourcery_G++_Lite/bin/../lib/gcc/arm-none-eabi/4.4.1/../../../../arm-none-eabi/lib/thumb2/libc.a(lib_a-mallocr.o)
                              /home/phil/CodeSourcery ARM Toolkit/2010.Q1/Sourcery_G++_Lite/bin/../lib/gcc/arm-none-eabi/4.4.1/../../../../arm-none-eabi/lib/thumb2/libc.a(lib_a-malloc.o) (_malloc_r)
/home/phil/CodeSourcery ARM Toolkit/2010.Q1/Sourcery_G++_Lite/bin/../lib/gcc/arm-none-eabi/4.4.1/../../../../arm-none-eabi/lib/thumb2/libc.a(lib_a-mlock.o)
                              /home/phil/CodeSourcery ARM Toolkit/2010.Q1/Sourcery_G++_Lite/bin/../lib/gcc/arm-none-eabi/4.4.1/../../../../arm-none-eabi/lib/thumb2/libc.a(lib_a-mallocr.o) (__malloc_lock)
/home/phil/CodeSourcery ARM Toolkit/2010.Q1/Sourcery_G++_Lite/bin/../lib/gcc/arm-none-eabi/4.4.1/../../../../arm-none-eabi/lib/thumb2/libc.a(lib_a-sbrkr.o)
                              /home/phil/CodeSourcery ARM Toolkit/2010.Q1/Sourcery_G++_Lite/bin/../lib/gcc/arm-none-eabi/4.4.1/../../../../arm-none-eabi/lib/thumb2/libc.a(lib_a-mallocr.o) (_sbrk_r)
/home/phil/CodeSourcery ARM Toolkit/2010.Q1/Sourcery_G++_Lite/bin/../lib/gcc/arm-none-eabi/4.4.1/../../../../arm-none-eabi/lib/thumb2/libc.a(lib_a-vfiprintf.o)
                              /home/phil/CodeSourcery ARM Toolkit/2010.Q1/Sourcery_G++_Lite/bin/../lib/gcc/arm-none-eabi/4.4.1/../../../../arm-none-eabi/lib/thumb2/libc.a(lib_a-iprintf.o) (_vfiprintf_r)
/home/phil/CodeSourcery ARM Toolkit/2010.Q1/Sourcery_G++_Lite/bin/../lib/gcc/arm-none-eabi/4.4.1/../../../../arm-none-eabi/lib/thumb2/libc.a(lib_a-wsetup.o)
                              /home/phil/CodeSourcery ARM Toolkit/2010.Q1/Sourcery_G++_Lite/bin/../lib/gcc/arm-none-eabi/4.4.1/../../../../arm-none-eabi/lib/thumb2/libc.a(lib_a-vfiprintf.o) (__swsetup_r)
/home/phil/CodeSourcery ARM Toolkit/2010.Q1/Sourcery_G++_Lite/bin/../lib/gcc/arm-none-eabi/4.4.1/../../../../arm-none-eabi/lib/thumb2/libc.a(lib_a-__call_atexit.o)
                              /home/phil/CodeSourcery ARM Toolkit/2010.Q1/Sourcery_G++_Lite/bin/../lib/gcc/arm-none-eabi/4.4.1/../../../../arm-none-eabi/lib/thumb2/libc.a(lib_a-exit.o) (__call_exitprocs)
[...]
Memory Configuration

Name             Origin             Length             Attributes
FLASH            0x00000000         0x00040000         xr
SRAM             0x20000000         0x00010000         xrw
*default*        0x00000000         0xffffffff

Linker script and memory map

LOAD /home/phil/CodeSourcery ARM Toolkit/2010.Q1/Sourcery_G++_Lite/bin/../lib/gcc/arm-none-eabi/4.4.1/thumb2/crti.o
LOAD /home/phil/CodeSourcery ARM Toolkit/2010.Q1/Sourcery_G++_Lite/bin/../lib/gcc/arm-none-eabi/4.4.1/thumb2/crtbegin.o
LOAD /tmp/ccSV0NUi.o
LOAD /tmp/ccH4OhfY.o
LOAD /tmp/ccANYfsI.o
LOAD /tmp/ccXzKaQu.o
LOAD /tmp/ccCv0k2k.o
LOAD /tmp/cc9mOMCn.o
LOAD /home/phil/StellarisWare/driverlib/gcc/libdriver.a
START GROUP
LOAD /home/phil/CodeSourcery ARM Toolkit/2010.Q1/Sourcery_G++_Lite/bin/../lib/gcc/arm-none-eabi/4.4.1/thumb2/libgcc.a
LOAD /home/phil/CodeSourcery ARM Toolkit/2010.Q1/Sourcery_G++_Lite/bin/../lib/gcc/arm-none-eabi/4.4.1/../../../../arm-none-eabi/lib/thumb2/libc.a
END GROUP
LOAD /home/phil/CodeSourcery ARM Toolkit/2010.Q1/Sourcery_G++_Lite/bin/../lib/gcc/arm-none-eabi/4.4.1/thumb2/crtend.o
LOAD /home/phil/CodeSourcery ARM Toolkit/2010.Q1/Sourcery_G++_Lite/bin/../lib/gcc/arm-none-eabi/4.4.1/thumb2/crtn.o

.text           0x00000000     0x4f98
                0x00000000                _text = .
 *(.isr_vector)
 .isr_vector    0x00000000       0xf0 /tmp/ccXzKaQu.o
                0x00000000                g_pfnVectors
 *(.text*)
 .text          0x000000f0      0x278 /tmp/ccSV0NUi.o
                0x000000f0                svcInt
                0x00000108                changeControlReg
                0x0000010e                saveRegsOntoStruc
                0x00000118                loadRegsFromStruc
                0x00000122                yield
                0x00000126                threadStarter
                0x00000154                scheduler
                0x000001bc                LEDon
                0x000001c8                LEDoff
                0x000001d4                LEDinit
                0x00000200                initPins
                0x0000022c                handleSVC
                0x0000024c                initSysTick
                0x00000298                main
 .text          0x00000368       0x30 /tmp/ccH4OhfY.o
                0x00000368                createThread
 .text          0x00000398       0xa8 /tmp/ccANYfsI.o
                0x00000398                idleThread
                0x0000039a                thread5
                0x000003cc                thread4
                0x000003e0                thread3
                0x000003f4                thread2
                0x00000408                thread1
 .text          0x00000440       0x48 /tmp/ccXzKaQu.o
                0x00000446                ResetISR
 .text          0x00000488       0xb8 /tmp/ccCv0k2k.o
                0x00000488                _read
                0x0000048c                _lseek
                0x00000490                _open
                0x00000498                _close
                0x0000049c                _exit
                0x0000049e                _kill
                0x000004a2                _getpid
                0x000004a6                _fstat
                0x000004aa                _stat
                0x000004b0                _link
                0x000004b6                _unlink
                0x000004bc                _raise
                0x000004be                _gettimeofday
                0x000004c2                _times
                0x000004c6                _isatty
                0x000004ca                _rename
                0x000004da                _system
                0x000004ee                _sbrk
                0x00000520                _write
 .text          0x00000540      0x368 /tmp/cc9mOMCn.o
                0x00000580                RIT128x96x4DisplayOff
                0x0000058c                RIT128x96x4DisplayOn
                0x000005ec                RIT128x96x4ImageDraw
                0x00000654                RIT128x96x4StringDraw
                0x0000072c                RIT128x96x4Clear
                0x00000780                RIT128x96x4Disable
                0x000007c8                RIT128x96x4Enable
                0x00000824                RIT128x96x4Init
 .text.GPIODirModeSet
                0x000008a8       0x3c /home/phil/StellarisWare/driverlib/gcc/libdriver.a(gpio.o)
                0x000008a8                GPIODirModeSet
 .text.GPIOPadConfigSet
                0x000008e4      0x110 /home/phil/StellarisWare/driverlib/gcc/libdriver.a(gpio.o)
                0x000008e4                GPIOPadConfigSet
 .text.GPIOPinWrite
                0x000009f4        0x8 /home/phil/StellarisWare/driverlib/gcc/libdriver.a(gpio.o)
                0x000009f4                GPIOPinWrite
 .text.GPIOPinTypeGPIOOutput
                0x000009fc       0x1c /home/phil/StellarisWare/driverlib/gcc/libdriver.a(gpio.o)
                0x000009fc                GPIOPinTypeGPIOOutput
 .text.GPIOPinTypeSSI
                0x00000a18       0x1c /home/phil/StellarisWare/driverlib/gcc/libdriver.a(gpio.o)
                0x00000a18                GPIOPinTypeSSI
 .text.GPIOPinTypeUART
                0x00000a34       0x1c /home/phil/StellarisWare/driverlib/gcc/libdriver.a(gpio.o)
                0x00000a34                GPIOPinTypeUART
 .text.SSIConfigSetExpClk
                0x00000a50       0x50 /home/phil/StellarisWare/driverlib/gcc/libdriver.a(ssi.o)
                0x00000a50                SSIConfigSetExpClk
 .text.SSIEnable
                0x00000aa0        0xc /home/phil/StellarisWare/driverlib/gcc/libdriver.a(ssi.o)
                0x00000aa0                SSIEnable
 .text.SSIDisable
                0x00000aac        0xc /home/phil/StellarisWare/driverlib/gcc/libdriver.a(ssi.o)
                0x00000aac                SSIDisable
 .text.SSIDataPut
                0x00000ab8        0xc /home/phil/StellarisWare/driverlib/gcc/libdriver.a(ssi.o)
                0x00000ab8                SSIDataPut
 .text.SSIDataGet
                0x00000ac4       0x10 /home/phil/StellarisWare/driverlib/gcc/libdriver.a(ssi.o)
                0x00000ac4                SSIDataGet
 .text.SSIDataGetNonBlocking
                0x00000ad4       0x14 /home/phil/StellarisWare/driverlib/gcc/libdriver.a(ssi.o)
                0x00000ad4                SSIDataGetNonBlocking
 .text.SysCtlPeripheralEnable
                0x00000ae8       0x1c /home/phil/StellarisWare/driverlib/gcc/libdriver.a(sysctl.o)
                0x00000ae8                SysCtlPeripheralEnable
 .text.SysCtlDelay
                0x00000b04        0x8 /home/phil/StellarisWare/driverlib/gcc/libdriver.a(sysctl.o)
                0x00000b04                SysCtlDelay
 .text.SysCtlClockSet
                0x00000b0c      0x160 /home/phil/StellarisWare/driverlib/gcc/libdriver.a(sysctl.o)
                0x00000b0c                SysCtlClockSet
 .text.SysCtlClockGet
                0x00000c6c      0x1d8 /home/phil/StellarisWare/driverlib/gcc/libdriver.a(sysctl.o)
                0x00000c6c                SysCtlClockGet
 .text.SysTickEnable
                0x00000e44       0x10 /home/phil/StellarisWare/driverlib/gcc/libdriver.a(systick.o)
                0x00000e44                SysTickEnable
 .text.SysTickIntEnable
                0x00000e54       0x10 /home/phil/StellarisWare/driverlib/gcc/libdriver.a(systick.o)
                0x00000e54                SysTickIntEnable
 .text.SysTickPeriodSet
                0x00000e64        0xc /home/phil/StellarisWare/driverlib/gcc/libdriver.a(systick.o)
                0x00000e64                SysTickPeriodSet
 .text.UARTEnable
                0x00000e70       0x18 /home/phil/StellarisWare/driverlib/gcc/libdriver.a(uart.o)
                0x00000e70                UARTEnable
 .text.UARTDisable
                0x00000e88       0x20 /home/phil/StellarisWare/driverlib/gcc/libdriver.a(uart.o)
                0x00000e88                UARTDisable
 .text.UARTConfigSetExpClk
                0x00000ea8       0x48 /home/phil/StellarisWare/driverlib/gcc/libdriver.a(uart.o)
                0x00000ea8                UARTConfigSetExpClk
 .text.UARTCharPut
                0x00000ef0        0xc /home/phil/StellarisWare/driverlib/gcc/libdriver.a(uart.o)
                0x00000ef0                UARTCharPut
 .text          0x00000efc      0x370 /home/phil/CodeSourcery ARM Toolkit/2010.Q1/Sourcery_G++_Lite/bin/../lib/gcc/arm-none-eabi/4.4.1/thumb2/libgcc.a(_arm_addsubdf3.o)
                0x00000efc                __aeabi_drsub
                0x00000f04                __aeabi_dsub
                0x00000f04                __subdf3
                0x00000f08                __adddf3
                0x00000f08                __aeabi_dadd
                0x00001180                __aeabi_ui2d
                0x00001180                __floatunsidf
                0x000011a0                __floatsidf
                0x000011a0                __aeabi_i2d
                0x000011c4                __extendsfdf2
                0x000011c4                __aeabi_f2d
                0x00001200                __aeabi_ul2d
                0x00001200                __floatundidf
                0x00001210                __floatdidf
                0x00001210                __aeabi_l2d
 .text          0x0000126c      0x424 /home/phil/CodeSourcery ARM Toolkit/2010.Q1/Sourcery_G++_Lite/bin/../lib/gcc/arm-none-eabi/4.4.1/thumb2/libgcc.a(_arm_muldivdf3.o)
                0x0000126c                __aeabi_dmul
                0x0000126c                __muldf3
                0x000014c0                __aeabi_ddiv
                0x000014c0                __divdf3
 .text          0x00001690       0x40 /home/phil/CodeSourcery ARM Toolkit/2010.Q1/Sourcery_G++_Lite/bin/../lib/gcc/arm-none-eabi/4.4.1/thumb2/libgcc.a(_arm_fixunsdfsi.o)
                0x00001690                __fixunsdfsi
                0x00001690                __aeabi_d2uiz
 .text          0x000016d0        0xc /home/phil/CodeSourcery ARM Toolkit/2010.Q1/Sourcery_G++_Lite/bin/../lib/gcc/arm-none-eabi/4.4.1/../../../../arm-none-eabi/lib/thumb2/libc.a(lib_a-errno.o)
                0x000016d0                __errno
 .text          0x000016dc       0x20 /home/phil/CodeSourcery ARM Toolkit/2010.Q1/Sourcery_G++_Lite/bin/../lib/gcc/arm-none-eabi/4.4.1/../../../../arm-none-eabi/lib/thumb2/libc.a(lib_a-exit.o)
                0x000016dc                exit
 .text          0x000016fc       0x64 /home/phil/CodeSourcery ARM Toolkit/2010.Q1/Sourcery_G++_Lite/bin/../lib/gcc/arm-none-eabi/4.4.1/../../../../arm-none-eabi/lib/thumb2/libc.a(lib_a-iprintf.o)
                0x000016fc                _iprintf_r
                0x00001728                iprintf
 .text          0x00001760       0x20 /home/phil/CodeSourcery ARM Toolkit/2010.Q1/Sourcery_G++_Lite/bin/../lib/gcc/arm-none-eabi/4.4.1/../../../../arm-none-eabi/lib/thumb2/libc.a(lib_a-malloc.o)
                0x00001760                free
                0x00001770                malloc
 .text          0x00001780      0x5a4 /home/phil/CodeSourcery ARM Toolkit/2010.Q1/Sourcery_G++_Lite/bin/../lib/gcc/arm-none-eabi/4.4.1/../../../../arm-none-eabi/lib/thumb2/libc.a(lib_a-mallocr.o)
                0x00001780                _malloc_r
 .text          0x00001d24        0x8 /home/phil/CodeSourcery ARM Toolkit/2010.Q1/Sourcery_G++_Lite/bin/../lib/gcc/arm-none-eabi/4.4.1/../../../../arm-none-eabi/lib/thumb2/libc.a(lib_a-mlock.o)
                0x00001d24                __malloc_lock
                0x00001d28                __malloc_unlock
 .text          0x00001d2c       0x28 /home/phil/CodeSourcery ARM Toolkit/2010.Q1/Sourcery_G++_Lite/bin/../lib/gcc/arm-none-eabi/4.4.1/../../../../arm-none-eabi/lib/thumb2/libc.a(lib_a-sbrkr.o)
                0x00001d2c                _sbrk_r
 .text          0x00001d54      0xd38 /home/phil/CodeSourcery ARM Toolkit/2010.Q1/Sourcery_G++_Lite/bin/../lib/gcc/arm-none-eabi/4.4.1/../../../../arm-none-eabi/lib/thumb2/libc.a(lib_a-vfiprintf.o)
                0x00001d70                _vfiprintf_r
                0x00002a70                vfiprintf
 .text          0x00002a8c      0x104 /home/phil/CodeSourcery ARM Toolkit/2010.Q1/Sourcery_G++_Lite/bin/../lib/gcc/arm-none-eabi/4.4.1/../../../../arm-none-eabi/lib/thumb2/libc.a(lib_a-wsetup.o)
                0x00002a8c                __swsetup_r
 .text          0x00002b90      0x130 /home/phil/CodeSourcery ARM Toolkit/2010.Q1/Sourcery_G++_Lite/bin/../lib/gcc/arm-none-eabi/4.4.1/../../../../arm-none-eabi/lib/thumb2/libc.a(lib_a-__call_atexit.o)
                0x00002b90                __call_exitprocs
 .text          0x00002cc0        0xc /home/phil/CodeSourcery ARM Toolkit/2010.Q1/Sourcery_G++_Lite/bin/../lib/gcc/arm-none-eabi/4.4.1/../../../../arm-none-eabi/lib/thumb2/libc.a(lib_a-atexit.o)
                0x00002cc0                atexit
 .text          0x00002ccc      0x178 /home/phil/CodeSourcery ARM Toolkit/2010.Q1/Sourcery_G++_Lite/bin/../lib/gcc/arm-none-eabi/4.4.1/../../../../arm-none-eabi/lib/thumb2/libc.a(lib_a-fflush.o)
                0x00002ccc                _fflush_r
                0x00002e1c                fflush
 .text          0x00002e44      0x1c8 /home/phil/CodeSourcery ARM Toolkit/2010.Q1/Sourcery_G++_Lite/bin/../lib/gcc/arm-none-eabi/4.4.1/../../../../arm-none-eabi/lib/thumb2/libc.a(lib_a-findfp.o)
                0x00002e44                __sfp_lock_acquire
                0x00002e48                __sfp_lock_release
                0x00002e4c                __sinit_lock_acquire
                0x00002e50                __sinit_lock_release
                0x00002e5c                __fp_unlock_all
                0x00002e74                __fp_lock_all
                0x00002e8c                _cleanup_r
                0x00002e98                _cleanup
                0x00002ef4                __sfmoreglue
                0x00002f24                __sfp
                0x00002fac                __sinit
 .text          0x0000300c       0x30 /home/phil/CodeSourcery ARM Toolkit/2010.Q1/Sourcery_G++_Lite/bin/../lib/gcc/arm-none-eabi/4.4.1/../../../../arm-none-eabi/lib/thumb2/libc.a(lib_a-fini.o)
                0x0000300c                __libc_fini_array
 .text          0x0000303c      0x268 /home/phil/CodeSourcery ARM Toolkit/2010.Q1/Sourcery_G++_Lite/bin/../lib/gcc/arm-none-eabi/4.4.1/../../../../arm-none-eabi/lib/thumb2/libc.a(lib_a-freer.o)
                0x0000303c                _malloc_trim_r
                0x000030e4                _free_r
 .text          0x000032a4      0x334 /home/phil/CodeSourcery ARM Toolkit/2010.Q1/Sourcery_G++_Lite/bin/../lib/gcc/arm-none-eabi/4.4.1/../../../../arm-none-eabi/lib/thumb2/libc.a(lib_a-fvwrite.o)
                0x000032a4                __sfvwrite_r
 .text          0x000035d8       0xa0 /home/phil/CodeSourcery ARM Toolkit/2010.Q1/Sourcery_G++_Lite/bin/../lib/gcc/arm-none-eabi/4.4.1/../../../../arm-none-eabi/lib/thumb2/libc.a(lib_a-fwalk.o)
                0x000035d8                _fwalk_reent
                0x0000362c                _fwalk
 .text          0x00003678       0xdc /home/phil/CodeSourcery ARM Toolkit/2010.Q1/Sourcery_G++_Lite/bin/../lib/gcc/arm-none-eabi/4.4.1/../../../../arm-none-eabi/lib/thumb2/libc.a(lib_a-makebuf.o)
                0x00003678                __smakebuf_r
 .text          0x00003754       0x74 /home/phil/CodeSourcery ARM Toolkit/2010.Q1/Sourcery_G++_Lite/bin/../lib/gcc/arm-none-eabi/4.4.1/../../../../arm-none-eabi/lib/thumb2/libc.a(lib_a-memchr.o)
                0x00003754                memchr
 .text          0x000037c8      0x190 /home/phil/CodeSourcery ARM Toolkit/2010.Q1/Sourcery_G++_Lite/bin/../lib/gcc/arm-none-eabi/4.4.1/../../../../arm-none-eabi/lib/thumb2/libc.a(lib_a-memcpy.o)
                0x000037c8                memcpy
 .text          0x00003958       0xb8 /home/phil/CodeSourcery ARM Toolkit/2010.Q1/Sourcery_G++_Lite/bin/../lib/gcc/arm-none-eabi/4.4.1/../../../../arm-none-eabi/lib/thumb2/libc.a(lib_a-memmove.o)
                0x00003958                memmove
 .text          0x00003a10       0xd4 /home/phil/CodeSourcery ARM Toolkit/2010.Q1/Sourcery_G++_Lite/bin/../lib/gcc/arm-none-eabi/4.4.1/../../../../arm-none-eabi/lib/thumb2/libc.a(lib_a-memset.o)
                0x00003a10                memset
 .text          0x00003ae4      0x3b4 /home/phil/CodeSourcery ARM Toolkit/2010.Q1/Sourcery_G++_Lite/bin/../lib/gcc/arm-none-eabi/4.4.1/../../../../arm-none-eabi/lib/thumb2/libc.a(lib_a-reallocr.o)
                0x00003ae4                _realloc_r
 .text          0x00003e98       0x90 /home/phil/CodeSourcery ARM Toolkit/2010.Q1/Sourcery_G++_Lite/bin/../lib/gcc/arm-none-eabi/4.4.1/../../../../arm-none-eabi/lib/thumb2/libc.a(lib_a-stdio.o)
                0x00003e98                __sclose
                0x00003ea0                __sseek
                0x00003ec8                __swrite
                0x00003f04                __sread
 .text          0x00003f28       0x60 /home/phil/CodeSourcery ARM Toolkit/2010.Q1/Sourcery_G++_Lite/bin/../lib/gcc/arm-none-eabi/4.4.1/../../../../arm-none-eabi/lib/thumb2/libc.a(lib_a-strlen.o)
                0x00003f28                strlen
 .text          0x00003f88       0x2c /home/phil/CodeSourcery ARM Toolkit/2010.Q1/Sourcery_G++_Lite/bin/../lib/gcc/arm-none-eabi/4.4.1/../../../../arm-none-eabi/lib/thumb2/libc.a(lib_a-writer.o)
                0x00003f88                _write_r
 .text          0x00003fb4       0xe8 /home/phil/CodeSourcery ARM Toolkit/2010.Q1/Sourcery_G++_Lite/bin/../lib/gcc/arm-none-eabi/4.4.1/../../../../arm-none-eabi/lib/thumb2/libc.a(lib_a-__atexit.o)
                0x00003fb4                __register_exitproc
 .text          0x0000409c       0x28 /home/phil/CodeSourcery ARM Toolkit/2010.Q1/Sourcery_G++_Lite/bin/../lib/gcc/arm-none-eabi/4.4.1/../../../../arm-none-eabi/lib/thumb2/libc.a(lib_a-closer.o)
                0x0000409c                _close_r
 .text          0x000040c4       0xcc /home/phil/CodeSourcery ARM Toolkit/2010.Q1/Sourcery_G++_Lite/bin/../lib/gcc/arm-none-eabi/4.4.1/../../../../arm-none-eabi/lib/thumb2/libc.a(lib_a-fclose.o)
                0x000040c4                _fclose_r
                0x00004180                fclose
 .text          0x00004190       0x2c /home/phil/CodeSourcery ARM Toolkit/2010.Q1/Sourcery_G++_Lite/bin/../lib/gcc/arm-none-eabi/4.4.1/../../../../arm-none-eabi/lib/thumb2/libc.a(lib_a-fstatr.o)
                0x00004190                _fstat_r
 .text          0x000041bc       0x28 /home/phil/CodeSourcery ARM Toolkit/2010.Q1/Sourcery_G++_Lite/bin/../lib/gcc/arm-none-eabi/4.4.1/../../../../arm-none-eabi/lib/thumb2/libc.a(lib_a-isattyr.o)
                0x000041bc                _isatty_r
 .text          0x000041e4       0x2c /home/phil/CodeSourcery ARM Toolkit/2010.Q1/Sourcery_G++_Lite/bin/../lib/gcc/arm-none-eabi/4.4.1/../../../../arm-none-eabi/lib/thumb2/libc.a(lib_a-lseekr.o)
                0x000041e4                _lseek_r
 .text          0x00004210       0x2c /home/phil/CodeSourcery ARM Toolkit/2010.Q1/Sourcery_G++_Lite/bin/../lib/gcc/arm-none-eabi/4.4.1/../../../../arm-none-eabi/lib/thumb2/libc.a(lib_a-readr.o)
                0x00004210                _read_r
 .text          0x0000423c       0x2c /home/phil/CodeSourcery ARM Toolkit/2010.Q1/Sourcery_G++_Lite/bin/../lib/gcc/arm-none-eabi/4.4.1/thumb2/libgcc.a(_aeabi_uldivmod.o)
                0x0000423c                __aeabi_uldivmod
 .text          0x00004268       0x58 /home/phil/CodeSourcery ARM Toolkit/2010.Q1/Sourcery_G++_Lite/bin/../lib/gcc/arm-none-eabi/4.4.1/thumb2/libgcc.a(bpabi.o)
                0x00004268                __gnu_uldivmod_helper
                0x00004294                __gnu_ldivmod_helper
 .text          0x000042c0        0x4 /home/phil/CodeSourcery ARM Toolkit/2010.Q1/Sourcery_G++_Lite/bin/../lib/gcc/arm-none-eabi/4.4.1/thumb2/libgcc.a(_dvmd_tls.o)
                0x000042c0                __aeabi_ldiv0
                0x000042c0                __aeabi_idiv0
 .text          0x000042c4      0x364 /home/phil/CodeSourcery ARM Toolkit/2010.Q1/Sourcery_G++_Lite/bin/../lib/gcc/arm-none-eabi/4.4.1/thumb2/libgcc.a(_divdi3.o)
                0x000042c4                __divdi3
 .text          0x00004628      0x300 /home/phil/CodeSourcery ARM Toolkit/2010.Q1/Sourcery_G++_Lite/bin/../lib/gcc/arm-none-eabi/4.4.1/thumb2/libgcc.a(_udivdi3.o)
                0x00004628                __udivdi3
 .text          0x00004928      0x278 /home/phil/CodeSourcery ARM Toolkit/2010.Q1/Sourcery_G++_Lite/bin/../lib/gcc/arm-none-eabi/4.4.1/thumb2/libgcc.a(_udivsi3.o)
                0x00004928                __udivsi3
                0x00004928                __aeabi_uidiv
                0x00004b84                __aeabi_uidivmod
 *(.rodata*)
 .rodata        0x00004ba0       0x18 /tmp/ccSV0NUi.o
 .rodata.str1.1
                0x00004bb8       0x3d /tmp/ccSV0NUi.o
 .rodata.str1.1
                0x00004bf5       0x3d /tmp/ccANYfsI.o
 *fill*         0x00004c32        0x2 00
 .rodata        0x00004c34      0x244 /tmp/cc9mOMCn.o
 .rodata.g_pulXtals
                0x00004e78       0x5c /home/phil/StellarisWare/driverlib/gcc/libdriver.a(sysctl.o)
 .rodata.g_pulRCGCRegs
                0x00004ed4        0xc /home/phil/StellarisWare/driverlib/gcc/libdriver.a(sysctl.o)
 .rodata        0x00004ee0        0x4 /home/phil/CodeSourcery ARM Toolkit/2010.Q1/Sourcery_G++_Lite/bin/../lib/gcc/arm-none-eabi/4.4.1/../../../../arm-none-eabi/lib/thumb2/libc.a(lib_a-impure.o)
                0x00004ee0                _global_impure_ptr
 .rodata.str1.4
                0x00004ee4        0x2 /home/phil/CodeSourcery ARM Toolkit/2010.Q1/Sourcery_G++_Lite/bin/../lib/gcc/arm-none-eabi/4.4.1/../../../../arm-none-eabi/lib/thumb2/libc.a(lib_a-impure.o)
                                  0x4 (size before relaxing)
 *fill*         0x00004ee6        0x2 00
 .rodata        0x00004ee8       0x20 /home/phil/CodeSourcery ARM Toolkit/2010.Q1/Sourcery_G++_Lite/bin/../lib/gcc/arm-none-eabi/4.4.1/../../../../arm-none-eabi/lib/thumb2/libc.a(lib_a-vfiprintf.o)
 .rodata.str1.4
                0x00004f08       0x30 /home/phil/CodeSourcery ARM Toolkit/2010.Q1/Sourcery_G++_Lite/bin/../lib/gcc/arm-none-eabi/4.4.1/../../../../arm-none-eabi/lib/thumb2/libc.a(lib_a-vfiprintf.o)
 .rodata        0x00004f38       0x60 /home/phil/CodeSourcery ARM Toolkit/2010.Q1/Sourcery_G++_Lite/bin/../lib/gcc/arm-none-eabi/4.4.1/../../../../arm-none-eabi/lib/thumb2/libc.a(lib_a-findfp.o)
                0x00004f38                __sf_fake_stdin
                0x00004f58                __sf_fake_stdout
                0x00004f78                __sf_fake_stderr

.glue_7         0x00004f98        0x0
 .glue_7        0x00000000        0x0 linker stubs

.glue_7t        0x00004f98        0x0
 .glue_7t       0x00000000        0x0 linker stubs

.vfp11_veneer   0x00004f98        0x0
 .vfp11_veneer  0x00000000        0x0 linker stubs

.v4_bx          0x00004f98        0x0
 .v4_bx         0x00000000        0x0 linker stubs

.fini           0x00004f98        0x4
 .fini          0x00004f98        0x4 /home/phil/CodeSourcery ARM Toolkit/2010.Q1/Sourcery_G++_Lite/bin/../lib/gcc/arm-none-eabi/4.4.1/thumb2/crti.o
                0x00004f98                _fini

.ARM.exidx      0x00004f9c        0x8
 *(.ARM.exidx)
 .ARM.exidx     0x00004f9c        0x8 /home/phil/CodeSourcery ARM Toolkit/2010.Q1/Sourcery_G++_Lite/bin/../lib/gcc/arm-none-eabi/4.4.1/thumb2/libgcc.a(_divdi3.o)
 .ARM.exidx     0x00004fa4        0x0 /home/phil/CodeSourcery ARM Toolkit/2010.Q1/Sourcery_G++_Lite/bin/../lib/gcc/arm-none-eabi/4.4.1/thumb2/libgcc.a(_udivdi3.o)
                                  0x8 (size before relaxing)
                0x00004fa4                _etext = .

.data           0x20000000      0x508 load address 0x00004fa4
                0x20000000                _data = .
 *(vtable)
 *(.data*)
 .data          0x20000000        0x4 /tmp/ccSV0NUi.o
                0x20000000                currThread
 .data          0x20000004       0xf4 /home/phil/CodeSourcery ARM Toolkit/2010.Q1/Sourcery_G++_Lite/bin/../lib/gcc/arm-none-eabi/4.4.1/../../../../arm-none-eabi/lib/thumb2/libc.a(lib_a-impure.o)
                0x20000004                _impure_ptr
 .data          0x200000f8      0x410 /home/phil/CodeSourcery ARM Toolkit/2010.Q1/Sourcery_G++_Lite/bin/../lib/gcc/arm-none-eabi/4.4.1/../../../../arm-none-eabi/lib/thumb2/libc.a(lib_a-mallocr.o)
                0x200000f8                __malloc_av_
                0x20000500                __malloc_sbrk_base
                0x20000504                __malloc_trim_threshold
                0x20000508                _edata = .

.bss            0x20000508      0x43c load address 0x000054ac
                0x20000508                _bss = .
 *(.bss*)
 .bss           0x20000508      0x3f0 /tmp/ccSV0NUi.o
 .bss           0x200008f8        0xc /tmp/cc9mOMCn.o
 .bss           0x20000904       0x34 /home/phil/CodeSourcery ARM Toolkit/2010.Q1/Sourcery_G++_Lite/bin/../lib/gcc/arm-none-eabi/4.4.1/../../../../arm-none-eabi/lib/thumb2/libc.a(lib_a-mallocr.o)
                0x20000904                __malloc_top_pad
                0x20000908                __malloc_current_mallinfo
                0x20000930                __malloc_max_sbrked_mem
                0x20000934                __malloc_max_total_mem
 *(COMMON)
 COMMON         0x20000938        0x4 /tmp/ccSV0NUi.o
                0x20000938                counter
 COMMON         0x2000093c        0x4 /tmp/ccCv0k2k.o
                0x2000093c                heap_end
 COMMON         0x20000940        0x4 /home/phil/CodeSourcery ARM Toolkit/2010.Q1/Sourcery_G++_Lite/bin/../lib/gcc/arm-none-eabi/4.4.1/../../../../arm-none-eabi/lib/thumb2/libc.a(lib_a-reent.o)
                0x20000940                errno
                0x20000944                _ebss = .
                0x20000944                end = .
OUTPUT(main_linked_list.elf elf32-littlearm)

.ARM.attributes
                0x00000000       0x25
 .ARM.attributes
                0x00000000       0x19 /home/phil/CodeSourcery ARM Toolkit/2010.Q1/Sourcery_G++_Lite/bin/../lib/gcc/arm-none-eabi/4.4.1/thumb2/crti.o
 .ARM.attributes
                0x00000019       0x29 /home/phil/CodeSourcery ARM Toolkit/2010.Q1/Sourcery_G++_Lite/bin/../lib/gcc/arm-none-eabi/4.4.1/thumb2/crtbegin.o
 .ARM.attributes
                0x00000042       0x31 /tmp/ccSV0NUi.o
 .ARM.attributes
                0x00000073       0x1b /tmp/ccH4OhfY.o
 .ARM.attributes
                0x0000008e       0x31 /tmp/ccANYfsI.o
 .ARM.attributes
                0x000000bf       0x31 /tmp/ccXzKaQu.o
 .ARM.attributes
                0x000000f0       0x31 /tmp/ccCv0k2k.o
 .ARM.attributes
                0x00000121       0x31 /tmp/cc9mOMCn.o
 .ARM.attributes
                0x00000152       0x31 /home/phil/StellarisWare/driverlib/gcc/libdriver.a(gpio.o)
 .ARM.attributes
                0x00000183       0x31 /home/phil/StellarisWare/driverlib/gcc/libdriver.a(interrupt.o)
 .ARM.attributes
                0x000001b4       0x31 /home/phil/StellarisWare/driverlib/gcc/libdriver.a(ssi.o)
 .ARM.attributes
                0x000001e5       0x31 /home/phil/StellarisWare/driverlib/gcc/libdriver.a(sysctl.o)
 .ARM.attributes
                0x00000216       0x31 /home/phil/StellarisWare/driverlib/gcc/libdriver.a(systick.o)
 .ARM.attributes
                0x00000247       0x31 /home/phil/StellarisWare/driverlib/gcc/libdriver.a(uart.o)
 .ARM.attributes
                0x00000278       0x31 /home/phil/StellarisWare/driverlib/gcc/libdriver.a(cpu.o)
 .ARM.attributes
                0x000002a9       0x1b /home/phil/CodeSourcery ARM Toolkit/2010.Q1/Sourcery_G++_Lite/bin/../lib/gcc/arm-none-eabi/4.4.1/thumb2/libgcc.a(_arm_addsubdf3.o)
 .ARM.attributes
                0x000002c4       0x1b /home/phil/CodeSourcery ARM Toolkit/2010.Q1/Sourcery_G++_Lite/bin/../lib/gcc/arm-none-eabi/4.4.1/thumb2/libgcc.a(_arm_muldivdf3.o)
 .ARM.attributes
                0x000002df       0x1b /home/phil/CodeSourcery ARM Toolkit/2010.Q1/Sourcery_G++_Lite/bin/../lib/gcc/arm-none-eabi/4.4.1/thumb2/libgcc.a(_arm_fixunsdfsi.o)
 .ARM.attributes
                0x000002fa       0x29 /home/phil/CodeSourcery ARM Toolkit/2010.Q1/Sourcery_G++_Lite/bin/../lib/gcc/arm-none-eabi/4.4.1/../../../../arm-none-eabi/lib/thumb2/libc.a(lib_a-errno.o)
 .ARM.attributes
                0x00000323       0x29 /home/phil/CodeSourcery ARM Toolkit/2010.Q1/Sourcery_G++_Lite/bin/../lib/gcc/arm-none-eabi/4.4.1/../../../../arm-none-eabi/lib/thumb2/libc.a(lib_a-exit.o)
 .ARM.attributes
                0x0000034c       0x29 /home/phil/CodeSourcery ARM Toolkit/2010.Q1/Sourcery_G++_Lite/bin/../lib/gcc/arm-none-eabi/4.4.1/../../../../arm-none-eabi/lib/thumb2/libc.a(lib_a-impure.o)
 .ARM.attributes
                0x00000375       0x29 /home/phil/CodeSourcery ARM Toolkit/2010.Q1/Sourcery_G++_Lite/bin/../lib/gcc/arm-none-eabi/4.4.1/../../../../arm-none-eabi/lib/thumb2/libc.a(lib_a-iprintf.o)
 .ARM.attributes
                0x0000039e       0x29 /home/phil/CodeSourcery ARM Toolkit/2010.Q1/Sourcery_G++_Lite/bin/../lib/gcc/arm-none-eabi/4.4.1/../../../../arm-none-eabi/lib/thumb2/libc.a(lib_a-malloc.o)
 .ARM.attributes
                0x000003c7       0x29 /home/phil/CodeSourcery ARM Toolkit/2010.Q1/Sourcery_G++_Lite/bin/../lib/gcc/arm-none-eabi/4.4.1/../../../../arm-none-eabi/lib/thumb2/libc.a(lib_a-mallocr.o)
 .ARM.attributes
                0x000003f0       0x29 /home/phil/CodeSourcery ARM Toolkit/2010.Q1/Sourcery_G++_Lite/bin/../lib/gcc/arm-none-eabi/4.4.1/../../../../arm-none-eabi/lib/thumb2/libc.a(lib_a-mlock.o)
 .ARM.attributes
                0x00000419       0x29 /home/phil/CodeSourcery ARM Toolkit/2010.Q1/Sourcery_G++_Lite/bin/../lib/gcc/arm-none-eabi/4.4.1/../../../../arm-none-eabi/lib/thumb2/libc.a(lib_a-sbrkr.o)
 .ARM.attributes
                0x00000442       0x29 /home/phil/CodeSourcery ARM Toolkit/2010.Q1/Sourcery_G++_Lite/bin/../lib/gcc/arm-none-eabi/4.4.1/../../../../arm-none-eabi/lib/thumb2/libc.a(lib_a-vfiprintf.o)
 .ARM.attributes
                0x0000046b       0x29 /home/phil/CodeSourcery ARM Toolkit/2010.Q1/Sourcery_G++_Lite/bin/../lib/gcc/arm-none-eabi/4.4.1/../../../../arm-none-eabi/lib/thumb2/libc.a(lib_a-wsetup.o)
 .ARM.attributes
                0x00000494       0x29 /home/phil/CodeSourcery ARM Toolkit/2010.Q1/Sourcery_G++_Lite/bin/../lib/gcc/arm-none-eabi/4.4.1/../../../../arm-none-eabi/lib/thumb2/libc.a(lib_a-__call_atexit.o)
 .ARM.attributes
                0x000004bd       0x29 /home/phil/CodeSourcery ARM Toolkit/2010.Q1/Sourcery_G++_Lite/bin/../lib/gcc/arm-none-eabi/4.4.1/../../../../arm-none-eabi/lib/thumb2/libc.a(lib_a-atexit.o)
 .ARM.attributes
                0x000004e6       0x29 /home/phil/CodeSourcery ARM Toolkit/2010.Q1/Sourcery_G++_Lite/bin/../lib/gcc/arm-none-eabi/4.4.1/../../../../arm-none-eabi/lib/thumb2/libc.a(lib_a-fflush.o)
 .ARM.attributes
                0x0000050f       0x29 /home/phil/CodeSourcery ARM Toolkit/2010.Q1/Sourcery_G++_Lite/bin/../lib/gcc/arm-none-eabi/4.4.1/../../../../arm-none-eabi/lib/thumb2/libc.a(lib_a-findfp.o)
 .ARM.attributes
                0x00000538       0x29 /home/phil/CodeSourcery ARM Toolkit/2010.Q1/Sourcery_G++_Lite/bin/../lib/gcc/arm-none-eabi/4.4.1/../../../../arm-none-eabi/lib/thumb2/libc.a(lib_a-fini.o)
 .ARM.attributes
                0x00000561       0x29 /home/phil/CodeSourcery ARM Toolkit/2010.Q1/Sourcery_G++_Lite/bin/../lib/gcc/arm-none-eabi/4.4.1/../../../../arm-none-eabi/lib/thumb2/libc.a(lib_a-freer.o)
 .ARM.attributes
                0x0000058a       0x29 /home/phil/CodeSourcery ARM Toolkit/2010.Q1/Sourcery_G++_Lite/bin/../lib/gcc/arm-none-eabi/4.4.1/../../../../arm-none-eabi/lib/thumb2/libc.a(lib_a-fvwrite.o)
 .ARM.attributes
                0x000005b3       0x29 /home/phil/CodeSourcery ARM Toolkit/2010.Q1/Sourcery_G++_Lite/bin/../lib/gcc/arm-none-eabi/4.4.1/../../../../arm-none-eabi/lib/thumb2/libc.a(lib_a-fwalk.o)
 .ARM.attributes
                0x000005dc       0x29 /home/phil/CodeSourcery ARM Toolkit/2010.Q1/Sourcery_G++_Lite/bin/../lib/gcc/arm-none-eabi/4.4.1/../../../../arm-none-eabi/lib/thumb2/libc.a(lib_a-makebuf.o)
 .ARM.attributes
                0x00000605       0x29 /home/phil/CodeSourcery ARM Toolkit/2010.Q1/Sourcery_G++_Lite/bin/../lib/gcc/arm-none-eabi/4.4.1/../../../../arm-none-eabi/lib/thumb2/libc.a(lib_a-memchr.o)
 .ARM.attributes
                0x0000062e       0x29 /home/phil/CodeSourcery ARM Toolkit/2010.Q1/Sourcery_G++_Lite/bin/../lib/gcc/arm-none-eabi/4.4.1/../../../../arm-none-eabi/lib/thumb2/libc.a(lib_a-memcpy.o)
 .ARM.attributes
                0x00000657       0x29 /home/phil/CodeSourcery ARM Toolkit/2010.Q1/Sourcery_G++_Lite/bin/../lib/gcc/arm-none-eabi/4.4.1/../../../../arm-none-eabi/lib/thumb2/libc.a(lib_a-memmove.o)
 .ARM.attributes
                0x00000680       0x29 /home/phil/CodeSourcery ARM Toolkit/2010.Q1/Sourcery_G++_Lite/bin/../lib/gcc/arm-none-eabi/4.4.1/../../../../arm-none-eabi/lib/thumb2/libc.a(lib_a-memset.o)
 .ARM.attributes
                0x000006a9       0x29 /home/phil/CodeSourcery ARM Toolkit/2010.Q1/Sourcery_G++_Lite/bin/../lib/gcc/arm-none-eabi/4.4.1/../../../../arm-none-eabi/lib/thumb2/libc.a(lib_a-reallocr.o)
 .ARM.attributes
                0x000006d2       0x29 /home/phil/CodeSourcery ARM Toolkit/2010.Q1/Sourcery_G++_Lite/bin/../lib/gcc/arm-none-eabi/4.4.1/../../../../arm-none-eabi/lib/thumb2/libc.a(lib_a-reent.o)
 .ARM.attributes
                0x000006fb       0x29 /home/phil/CodeSourcery ARM Toolkit/2010.Q1/Sourcery_G++_Lite/bin/../lib/gcc/arm-none-eabi/4.4.1/../../../../arm-none-eabi/lib/thumb2/libc.a(lib_a-stdio.o)
 .ARM.attributes
                0x00000724       0x29 /home/phil/CodeSourcery ARM Toolkit/2010.Q1/Sourcery_G++_Lite/bin/../lib/gcc/arm-none-eabi/4.4.1/../../../../arm-none-eabi/lib/thumb2/libc.a(lib_a-strlen.o)
 .ARM.attributes
                0x0000074d       0x29 /home/phil/CodeSourcery ARM Toolkit/2010.Q1/Sourcery_G++_Lite/bin/../lib/gcc/arm-none-eabi/4.4.1/../../../../arm-none-eabi/lib/thumb2/libc.a(lib_a-writer.o)
 .ARM.attributes
                0x00000776       0x29 /home/phil/CodeSourcery ARM Toolkit/2010.Q1/Sourcery_G++_Lite/bin/../lib/gcc/arm-none-eabi/4.4.1/../../../../arm-none-eabi/lib/thumb2/libc.a(lib_a-__atexit.o)
 .ARM.attributes
                0x0000079f       0x29 /home/phil/CodeSourcery ARM Toolkit/2010.Q1/Sourcery_G++_Lite/bin/../lib/gcc/arm-none-eabi/4.4.1/../../../../arm-none-eabi/lib/thumb2/libc.a(lib_a-closer.o)
 .ARM.attributes
                0x000007c8       0x29 /home/phil/CodeSourcery ARM Toolkit/2010.Q1/Sourcery_G++_Lite/bin/../lib/gcc/arm-none-eabi/4.4.1/../../../../arm-none-eabi/lib/thumb2/libc.a(lib_a-fclose.o)
 .ARM.attributes
                0x000007f1       0x29 /home/phil/CodeSourcery ARM Toolkit/2010.Q1/Sourcery_G++_Lite/bin/../lib/gcc/arm-none-eabi/4.4.1/../../../../arm-none-eabi/lib/thumb2/libc.a(lib_a-fstatr.o)
 .ARM.attributes
                0x0000081a       0x29 /home/phil/CodeSourcery ARM Toolkit/2010.Q1/Sourcery_G++_Lite/bin/../lib/gcc/arm-none-eabi/4.4.1/../../../../arm-none-eabi/lib/thumb2/libc.a(lib_a-isattyr.o)
 .ARM.attributes
                0x00000843       0x29 /home/phil/CodeSourcery ARM Toolkit/2010.Q1/Sourcery_G++_Lite/bin/../lib/gcc/arm-none-eabi/4.4.1/../../../../arm-none-eabi/lib/thumb2/libc.a(lib_a-lseekr.o)
 .ARM.attributes
                0x0000086c       0x29 /home/phil/CodeSourcery ARM Toolkit/2010.Q1/Sourcery_G++_Lite/bin/../lib/gcc/arm-none-eabi/4.4.1/../../../../arm-none-eabi/lib/thumb2/libc.a(lib_a-readr.o)
 .ARM.attributes
                0x00000895       0x1b /home/phil/CodeSourcery ARM Toolkit/2010.Q1/Sourcery_G++_Lite/bin/../lib/gcc/arm-none-eabi/4.4.1/thumb2/libgcc.a(_aeabi_uldivmod.o)
 .ARM.attributes
                0x000008b0       0x29 /home/phil/CodeSourcery ARM Toolkit/2010.Q1/Sourcery_G++_Lite/bin/../lib/gcc/arm-none-eabi/4.4.1/thumb2/libgcc.a(bpabi.o)
 .ARM.attributes
                0x000008d9       0x1b /home/phil/CodeSourcery ARM Toolkit/2010.Q1/Sourcery_G++_Lite/bin/../lib/gcc/arm-none-eabi/4.4.1/thumb2/libgcc.a(_dvmd_tls.o)
 .ARM.attributes
                0x000008f4       0x29 /home/phil/CodeSourcery ARM Toolkit/2010.Q1/Sourcery_G++_Lite/bin/../lib/gcc/arm-none-eabi/4.4.1/thumb2/libgcc.a(_divdi3.o)
 .ARM.attributes
                0x0000091d       0x29 /home/phil/CodeSourcery ARM Toolkit/2010.Q1/Sourcery_G++_Lite/bin/../lib/gcc/arm-none-eabi/4.4.1/thumb2/libgcc.a(_udivdi3.o)
 .ARM.attributes
                0x00000946       0x1b /home/phil/CodeSourcery ARM Toolkit/2010.Q1/Sourcery_G++_Lite/bin/../lib/gcc/arm-none-eabi/4.4.1/thumb2/libgcc.a(_udivsi3.o)
 .ARM.attributes
                0x00000961       0x29 /home/phil/CodeSourcery ARM Toolkit/2010.Q1/Sourcery_G++_Lite/bin/../lib/gcc/arm-none-eabi/4.4.1/thumb2/crtend.o
 .ARM.attributes
                0x0000098a       0x19 /home/phil/CodeSourcery ARM Toolkit/2010.Q1/Sourcery_G++_Lite/bin/../lib/gcc/arm-none-eabi/4.4.1/thumb2/crtn.o

.comment        0x00000000      0x1cc
 .comment       0x00000000       0x2b /tmp/ccSV0NUi.o
 .comment       0x0000002b       0x2b /tmp/ccANYfsI.o
 .comment       0x00000056       0x2b /tmp/ccXzKaQu.o
 .comment       0x00000081       0x2b /tmp/ccCv0k2k.o
 .comment       0x000000ac       0x2b /tmp/cc9mOMCn.o
 .comment       0x000000d7       0x23 /home/phil/StellarisWare/driverlib/gcc/libdriver.a(gpio.o)
 .comment       0x000000fa       0x23 /home/phil/StellarisWare/driverlib/gcc/libdriver.a(interrupt.o)
 .comment       0x0000011d       0x23 /home/phil/StellarisWare/driverlib/gcc/libdriver.a(ssi.o)
 .comment       0x00000140       0x23 /home/phil/StellarisWare/driverlib/gcc/libdriver.a(sysctl.o)
 .comment       0x00000163       0x23 /home/phil/StellarisWare/driverlib/gcc/libdriver.a(systick.o)
 .comment       0x00000186       0x23 /home/phil/StellarisWare/driverlib/gcc/libdriver.a(uart.o)
 .comment       0x000001a9       0x23 /home/phil/StellarisWare/driverlib/gcc/libdriver.a(cpu.o)

.debug_abbrev   0x00000000      0x593
 .debug_abbrev  0x00000000      0x1ac /tmp/ccSV0NUi.o
 .debug_abbrev  0x000001ac       0x14 /tmp/ccH4OhfY.o
 .debug_abbrev  0x000001c0       0xb5 /tmp/ccANYfsI.o
 .debug_abbrev  0x00000275       0xaa /tmp/ccXzKaQu.o
 .debug_abbrev  0x0000031f      0x188 /tmp/ccCv0k2k.o
 .debug_abbrev  0x000004a7       0xec /tmp/cc9mOMCn.o

.debug_info     0x00000000     0x1034
 .debug_info    0x00000000      0x2fb /tmp/ccSV0NUi.o
 .debug_info    0x000002fb       0x48 /tmp/ccH4OhfY.o
 .debug_info    0x00000343      0x131 /tmp/ccANYfsI.o
 .debug_info    0x00000474       0xf0 /tmp/ccXzKaQu.o
 .debug_info    0x00000564      0x6bb /tmp/ccCv0k2k.o
 .debug_info    0x00000c1f      0x415 /tmp/cc9mOMCn.o

.debug_line     0x00000000      0x47f
 .debug_line    0x00000000       0xc8 /tmp/ccSV0NUi.o
 .debug_line    0x000000c8       0x46 /tmp/ccH4OhfY.o
 .debug_line    0x0000010e       0x5c /tmp/ccANYfsI.o
 .debug_line    0x0000016a       0x51 /tmp/ccXzKaQu.o
 .debug_line    0x000001bb      0x144 /tmp/ccCv0k2k.o
 .debug_line    0x000002ff      0x180 /tmp/cc9mOMCn.o

.debug_loc      0x00000000      0x73a
 .debug_loc     0x00000000       0xeb /tmp/ccSV0NUi.o
 .debug_loc     0x000000eb       0xdd /tmp/ccANYfsI.o
 .debug_loc     0x000001c8      0x230 /tmp/ccCv0k2k.o
 .debug_loc     0x000003f8      0x342 /tmp/cc9mOMCn.o

.debug_pubnames
                0x00000000      0x356
 .debug_pubnames
                0x00000000       0xf8 /tmp/ccSV0NUi.o
 .debug_pubnames
                0x000000f8       0x5d /tmp/ccANYfsI.o
 .debug_pubnames
                0x00000155       0x30 /tmp/ccXzKaQu.o
 .debug_pubnames
                0x00000185      0x103 /tmp/ccCv0k2k.o
 .debug_pubnames
                0x00000288       0xce /tmp/cc9mOMCn.o

.debug_aranges  0x00000000       0xc0
 .debug_aranges
                0x00000000       0x20 /tmp/ccSV0NUi.o
 .debug_aranges
                0x00000020       0x20 /tmp/ccH4OhfY.o
 .debug_aranges
                0x00000040       0x20 /tmp/ccANYfsI.o
 .debug_aranges
                0x00000060       0x20 /tmp/ccXzKaQu.o
 .debug_aranges
                0x00000080       0x20 /tmp/ccCv0k2k.o
 .debug_aranges
                0x000000a0       0x20 /tmp/cc9mOMCn.o

.debug_str      0x00000000      0x619
 .debug_str     0x00000000      0x191 /tmp/ccSV0NUi.o
                                0x1ca (size before relaxing)
 .debug_str     0x00000191       0x40 /tmp/ccANYfsI.o
                                 0xf2 (size before relaxing)
 .debug_str     0x000001d1       0x68 /tmp/ccXzKaQu.o
                                 0x9c (size before relaxing)
 .debug_str     0x00000239      0x228 /tmp/ccCv0k2k.o
                                0x2fe (size before relaxing)
 .debug_str     0x00000461      0x1b8 /tmp/cc9mOMCn.o
                                0x219 (size before relaxing)

.debug_frame    0x00000000      0xe04
 .debug_frame   0x00000000      0x120 /tmp/ccSV0NUi.o
 .debug_frame   0x00000120       0xa0 /tmp/ccANYfsI.o
 .debug_frame   0x000001c0       0x50 /tmp/ccXzKaQu.o
 .debug_frame   0x00000210      0x170 /tmp/ccCv0k2k.o
 .debug_frame   0x00000380      0x134 /tmp/cc9mOMCn.o
 .debug_frame   0x000004b4       0x20 /home/phil/CodeSourcery ARM Toolkit/2010.Q1/Sourcery_G++_Lite/bin/../lib/gcc/arm-none-eabi/4.4.1/../../../../arm-none-eabi/lib/thumb2/libc.a(lib_a-errno.o)
 .debug_frame   0x000004d4       0x28 /home/phil/CodeSourcery ARM Toolkit/2010.Q1/Sourcery_G++_Lite/bin/../lib/gcc/arm-none-eabi/4.4.1/../../../../arm-none-eabi/lib/thumb2/libc.a(lib_a-exit.o)
 .debug_frame   0x000004fc       0x5c /home/phil/CodeSourcery ARM Toolkit/2010.Q1/Sourcery_G++_Lite/bin/../lib/gcc/arm-none-eabi/4.4.1/../../../../arm-none-eabi/lib/thumb2/libc.a(lib_a-iprintf.o)
 .debug_frame   0x00000558       0x30 /home/phil/CodeSourcery ARM Toolkit/2010.Q1/Sourcery_G++_Lite/bin/../lib/gcc/arm-none-eabi/4.4.1/../../../../arm-none-eabi/lib/thumb2/libc.a(lib_a-malloc.o)
 .debug_frame   0x00000588       0x3c /home/phil/CodeSourcery ARM Toolkit/2010.Q1/Sourcery_G++_Lite/bin/../lib/gcc/arm-none-eabi/4.4.1/../../../../arm-none-eabi/lib/thumb2/libc.a(lib_a-mallocr.o)
 .debug_frame   0x000005c4       0x30 /home/phil/CodeSourcery ARM Toolkit/2010.Q1/Sourcery_G++_Lite/bin/../lib/gcc/arm-none-eabi/4.4.1/../../../../arm-none-eabi/lib/thumb2/libc.a(lib_a-mlock.o)
 .debug_frame   0x000005f4       0x2c /home/phil/CodeSourcery ARM Toolkit/2010.Q1/Sourcery_G++_Lite/bin/../lib/gcc/arm-none-eabi/4.4.1/../../../../arm-none-eabi/lib/thumb2/libc.a(lib_a-sbrkr.o)
 .debug_frame   0x00000620       0x70 /home/phil/CodeSourcery ARM Toolkit/2010.Q1/Sourcery_G++_Lite/bin/../lib/gcc/arm-none-eabi/4.4.1/../../../../arm-none-eabi/lib/thumb2/libc.a(lib_a-vfiprintf.o)
 .debug_frame   0x00000690       0x2c /home/phil/CodeSourcery ARM Toolkit/2010.Q1/Sourcery_G++_Lite/bin/../lib/gcc/arm-none-eabi/4.4.1/../../../../arm-none-eabi/lib/thumb2/libc.a(lib_a-wsetup.o)
 .debug_frame   0x000006bc       0x4c /home/phil/CodeSourcery ARM Toolkit/2010.Q1/Sourcery_G++_Lite/bin/../lib/gcc/arm-none-eabi/4.4.1/../../../../arm-none-eabi/lib/thumb2/libc.a(lib_a-__call_atexit.o)
 .debug_frame   0x00000708       0x20 /home/phil/CodeSourcery ARM Toolkit/2010.Q1/Sourcery_G++_Lite/bin/../lib/gcc/arm-none-eabi/4.4.1/../../../../arm-none-eabi/lib/thumb2/libc.a(lib_a-atexit.o)
 .debug_frame   0x00000728       0x40 /home/phil/CodeSourcery ARM Toolkit/2010.Q1/Sourcery_G++_Lite/bin/../lib/gcc/arm-none-eabi/4.4.1/../../../../arm-none-eabi/lib/thumb2/libc.a(lib_a-fflush.o)
 .debug_frame   0x00000768      0x11c /home/phil/CodeSourcery ARM Toolkit/2010.Q1/Sourcery_G++_Lite/bin/../lib/gcc/arm-none-eabi/4.4.1/../../../../arm-none-eabi/lib/thumb2/libc.a(lib_a-findfp.o)
 .debug_frame   0x00000884       0x2c /home/phil/CodeSourcery ARM Toolkit/2010.Q1/Sourcery_G++_Lite/bin/../lib/gcc/arm-none-eabi/4.4.1/../../../../arm-none-eabi/lib/thumb2/libc.a(lib_a-fini.o)
 .debug_frame   0x000008b0       0x50 /home/phil/CodeSourcery ARM Toolkit/2010.Q1/Sourcery_G++_Lite/bin/../lib/gcc/arm-none-eabi/4.4.1/../../../../arm-none-eabi/lib/thumb2/libc.a(lib_a-freer.o)
 .debug_frame   0x00000900       0x3c /home/phil/CodeSourcery ARM Toolkit/2010.Q1/Sourcery_G++_Lite/bin/../lib/gcc/arm-none-eabi/4.4.1/../../../../arm-none-eabi/lib/thumb2/libc.a(lib_a-fvwrite.o)
 .debug_frame   0x0000093c       0x54 /home/phil/CodeSourcery ARM Toolkit/2010.Q1/Sourcery_G++_Lite/bin/../lib/gcc/arm-none-eabi/4.4.1/../../../../arm-none-eabi/lib/thumb2/libc.a(lib_a-fwalk.o)
 .debug_frame   0x00000990       0x34 /home/phil/CodeSourcery ARM Toolkit/2010.Q1/Sourcery_G++_Lite/bin/../lib/gcc/arm-none-eabi/4.4.1/../../../../arm-none-eabi/lib/thumb2/libc.a(lib_a-makebuf.o)
 .debug_frame   0x000009c4       0x28 /home/phil/CodeSourcery ARM Toolkit/2010.Q1/Sourcery_G++_Lite/bin/../lib/gcc/arm-none-eabi/4.4.1/../../../../arm-none-eabi/lib/thumb2/libc.a(lib_a-memchr.o)
 .debug_frame   0x000009ec       0x34 /home/phil/CodeSourcery ARM Toolkit/2010.Q1/Sourcery_G++_Lite/bin/../lib/gcc/arm-none-eabi/4.4.1/../../../../arm-none-eabi/lib/thumb2/libc.a(lib_a-memcpy.o)
 .debug_frame   0x00000a20       0x2c /home/phil/CodeSourcery ARM Toolkit/2010.Q1/Sourcery_G++_Lite/bin/../lib/gcc/arm-none-eabi/4.4.1/../../../../arm-none-eabi/lib/thumb2/libc.a(lib_a-memmove.o)
 .debug_frame   0x00000a4c       0x28 /home/phil/CodeSourcery ARM Toolkit/2010.Q1/Sourcery_G++_Lite/bin/../lib/gcc/arm-none-eabi/4.4.1/../../../../arm-none-eabi/lib/thumb2/libc.a(lib_a-memset.o)
 .debug_frame   0x00000a74       0x3c /home/phil/CodeSourcery ARM Toolkit/2010.Q1/Sourcery_G++_Lite/bin/../lib/gcc/arm-none-eabi/4.4.1/../../../../arm-none-eabi/lib/thumb2/libc.a(lib_a-reallocr.o)
 .debug_frame   0x00000ab0       0x64 /home/phil/CodeSourcery ARM Toolkit/2010.Q1/Sourcery_G++_Lite/bin/../lib/gcc/arm-none-eabi/4.4.1/../../../../arm-none-eabi/lib/thumb2/libc.a(lib_a-reent.o)
 .debug_frame   0x00000b14       0x70 /home/phil/CodeSourcery ARM Toolkit/2010.Q1/Sourcery_G++_Lite/bin/../lib/gcc/arm-none-eabi/4.4.1/../../../../arm-none-eabi/lib/thumb2/libc.a(lib_a-stdio.o)
 .debug_frame   0x00000b84       0x20 /home/phil/CodeSourcery ARM Toolkit/2010.Q1/Sourcery_G++_Lite/bin/../lib/gcc/arm-none-eabi/4.4.1/../../../../arm-none-eabi/lib/thumb2/libc.a(lib_a-strlen.o)
 .debug_frame   0x00000ba4       0x2c /home/phil/CodeSourcery ARM Toolkit/2010.Q1/Sourcery_G++_Lite/bin/../lib/gcc/arm-none-eabi/4.4.1/../../../../arm-none-eabi/lib/thumb2/libc.a(lib_a-writer.o)
 .debug_frame   0x00000bd0       0x34 /home/phil/CodeSourcery ARM Toolkit/2010.Q1/Sourcery_G++_Lite/bin/../lib/gcc/arm-none-eabi/4.4.1/../../../../arm-none-eabi/lib/thumb2/libc.a(lib_a-__atexit.o)
 .debug_frame   0x00000c04       0x2c /home/phil/CodeSourcery ARM Toolkit/2010.Q1/Sourcery_G++_Lite/bin/../lib/gcc/arm-none-eabi/4.4.1/../../../../arm-none-eabi/lib/thumb2/libc.a(lib_a-closer.o)
 .debug_frame   0x00000c30       0x3c /home/phil/CodeSourcery ARM Toolkit/2010.Q1/Sourcery_G++_Lite/bin/../lib/gcc/arm-none-eabi/4.4.1/../../../../arm-none-eabi/lib/thumb2/libc.a(lib_a-fclose.o)
 .debug_frame   0x00000c6c       0x2c /home/phil/CodeSourcery ARM Toolkit/2010.Q1/Sourcery_G++_Lite/bin/../lib/gcc/arm-none-eabi/4.4.1/../../../../arm-none-eabi/lib/thumb2/libc.a(lib_a-fstatr.o)
 .debug_frame   0x00000c98       0x2c /home/phil/CodeSourcery ARM Toolkit/2010.Q1/Sourcery_G++_Lite/bin/../lib/gcc/arm-none-eabi/4.4.1/../../../../arm-none-eabi/lib/thumb2/libc.a(lib_a-isattyr.o)
 .debug_frame   0x00000cc4       0x2c /home/phil/CodeSourcery ARM Toolkit/2010.Q1/Sourcery_G++_Lite/bin/../lib/gcc/arm-none-eabi/4.4.1/../../../../arm-none-eabi/lib/thumb2/libc.a(lib_a-lseekr.o)
 .debug_frame   0x00000cf0       0x2c /home/phil/CodeSourcery ARM Toolkit/2010.Q1/Sourcery_G++_Lite/bin/../lib/gcc/arm-none-eabi/4.4.1/../../../../arm-none-eabi/lib/thumb2/libc.a(lib_a-readr.o)
 .debug_frame   0x00000d1c       0x50 /home/phil/CodeSourcery ARM Toolkit/2010.Q1/Sourcery_G++_Lite/bin/../lib/gcc/arm-none-eabi/4.4.1/thumb2/libgcc.a(bpabi.o)
 .debug_frame   0x00000d6c       0x3c /home/phil/CodeSourcery ARM Toolkit/2010.Q1/Sourcery_G++_Lite/bin/../lib/gcc/arm-none-eabi/4.4.1/thumb2/libgcc.a(_divdi3.o)
 .debug_frame   0x00000da8       0x3c /home/phil/CodeSourcery ARM Toolkit/2010.Q1/Sourcery_G++_Lite/bin/../lib/gcc/arm-none-eabi/4.4.1/thumb2/libgcc.a(_udivdi3.o)
 .debug_frame   0x00000de4       0x20 /home/phil/CodeSourcery ARM Toolkit/2010.Q1/Sourcery_G++_Lite/bin/../lib/gcc/arm-none-eabi/4.4.1/thumb2/libgcc.a(_udivsi3.o)
